<?xml version="1.0" encoding="utf-8"?><testsuites name="pytest tests"><testsuite name="pytest" errors="0" failures="0" skipped="0" tests="155" time="45.982" timestamp="2026-05-31T13:54:02.454865+02:00" hostname="ASUSTOP"><testcase classname="tests.test_base.TestSolarSeriesConstruction" name="test_is_pandas_series" time="0.002" /><testcase classname="tests.test_base.TestSolarSeriesConstruction" name="test_is_solar_series" time="0.001" /><testcase classname="tests.test_base.TestSolarSeriesConstruction" name="test_coordinates_stored" time="0.001" /><testcase classname="tests.test_base.TestSolarSeriesConstruction" name="test_default_elevation" time="0.001" /><testcase classname="tests.test_base.TestSolarSeriesConstruction" name="test_invalid_latitude_too_high" time="0.001" /><testcase classname="tests.test_base.TestSolarSeriesConstruction" name="test_invalid_latitude_too_low" time="0.001" /><testcase classname="tests.test_base.TestSolarSeriesConstruction" name="test_invalid_longitude_too_high" time="0.001" /><testcase classname="tests.test_base.TestSolarSeriesConstruction" name="test_invalid_elevation_too_high" time="0.000" /><testcase classname="tests.test_base.TestSolarSeriesConstruction" name="test_reserved_key_latitude_in_metadata" time="0.001" /><testcase classname="tests.test_base.TestSolarSeriesConstruction" name="test_reserved_key_longitude_in_metadata" time="0.001" /><testcase classname="tests.test_base.TestSolarSeriesConstruction" name="test_reserved_key_elevation_in_metadata" time="0.001" /><testcase classname="tests.test_base.TestSolarSeriesConstruction" name="test_custom_metadata_stored" time="0.001" /><testcase classname="tests.test_base.TestSolarSeriesMetadataPropagation" name="test_slicing_preserves_metadata" time="0.001" /><testcase classname="tests.test_base.TestSolarSeriesMetadataPropagation" name="test_arithmetic_preserves_metadata" time="0.001" /><testcase classname="tests.test_base.TestSolarSeriesMetadataPropagation" name="test_dropna_preserves_type" time="0.001" /><testcase classname="tests.test_base.TestSolarSeriesMetadataPropagation" name="test_expand_to_dataframe_returns_solar_dataframe" time="0.001" /><testcase classname="tests.test_base.TestSolarSeriesReplaceData" name="test_replace_data_with_scalar" time="0.001" /><testcase classname="tests.test_base.TestSolarSeriesReplaceData" name="test_replace_data_with_array" time="0.001" /><testcase classname="tests.test_base.TestSolarSeriesReplaceData" name="test_replace_data_with_series" time="0.001" /><testcase classname="tests.test_base.TestSolarSeriesReplaceData" name="test_replace_data_deep_copies_metadata" time="0.004" /><testcase classname="tests.test_base.TestSolarSeriesRepr" name="test_repr_contains_coordinates" time="0.003" /><testcase classname="tests.test_base.TestSolarSeriesSerialization" name="test_csv_round_trip" time="0.016" /><testcase classname="tests.test_base.TestSolarSeriesSerialization" name="test_parquet_round_trip" time="0.012" /><testcase classname="tests.test_base.TestSolarSeriesSerialization" name="test_parquet_preserves_custom_metadata" time="0.009" /><testcase classname="tests.test_base.TestSolarSeriesSerialization" name="test_read_csv_missing_file_raises" time="0.002" /><testcase classname="tests.test_base.TestSolarSeriesSerialization" name="test_read_parquet_missing_file_raises" time="0.002" /><testcase classname="tests.test_base.TestSolarDataFrameConstruction" name="test_is_pandas_dataframe" time="0.002" /><testcase classname="tests.test_base.TestSolarDataFrameConstruction" name="test_is_solar_dataframe" time="0.001" /><testcase classname="tests.test_base.TestSolarDataFrameConstruction" name="test_coordinates_stored" time="0.001" /><testcase classname="tests.test_base.TestSolarDataFrameConstruction" name="test_column_access_returns_solar_series" time="0.002" /><testcase classname="tests.test_base.TestSolarDataFrameConstruction" name="test_row_slice_returns_solar_dataframe" time="0.001" /><testcase classname="tests.test_base.TestSolarDataFrameConstruction" name="test_as_pandas_returns_plain_dataframe" time="0.001" /><testcase classname="tests.test_base.TestSolarDataFrameConstruction" name="test_describe_returns_plain_dataframe" time="0.009" /><testcase classname="tests.test_base.TestSolarDataFrameConstruction" name="test_invalid_coordinates_raise" time="0.001" /><testcase classname="tests.test_bsrn.TestSiteValidator" name="test_valid_site" time="0.001" /><testcase classname="tests.test_bsrn.TestSiteValidator" name="test_valid_site_bon" time="0.001" /><testcase classname="tests.test_bsrn.TestSiteValidator" name="test_invalid_site_uppercase" time="0.001" /><testcase classname="tests.test_bsrn.TestSiteValidator" name="test_invalid_site_too_short" time="0.000" /><testcase classname="tests.test_bsrn.TestSiteValidator" name="test_invalid_site_too_long" time="0.000" /><testcase classname="tests.test_bsrn.TestSiteValidator" name="test_invalid_site_digits" time="0.000" /><testcase classname="tests.test_bsrn.TestSiteValidator" name="test_invalid_site_not_string" time="0.000" /><testcase classname="tests.test_bsrn.TestYearValidator" name="test_valid_year" time="0.000" /><testcase classname="tests.test_bsrn.TestYearValidator" name="test_valid_year_boundary_min" time="0.000" /><testcase classname="tests.test_bsrn.TestYearValidator" name="test_valid_year_boundary_max" time="0.000" /><testcase classname="tests.test_bsrn.TestYearValidator" name="test_invalid_year_too_small" time="0.000" /><testcase classname="tests.test_bsrn.TestYearValidator" name="test_invalid_year_too_large" time="0.001" /><testcase classname="tests.test_bsrn.TestYearValidator" name="test_invalid_year_not_number" time="0.001" /><testcase classname="tests.test_bsrn.TestMonthValidator" name="test_valid_month_all" time="0.001" /><testcase classname="tests.test_bsrn.TestMonthValidator" name="test_invalid_month_zero" time="0.000" /><testcase classname="tests.test_bsrn.TestMonthValidator" name="test_invalid_month_thirteen" time="0.000" /><testcase classname="tests.test_bsrn.TestLogicalRecordValidator" name="test_valid_lr" time="0.001" /><testcase classname="tests.test_bsrn.TestLogicalRecordValidator" name="test_valid_lr_uppercase_conversion" time="0.000" /><testcase classname="tests.test_bsrn.TestLogicalRecordValidator" name="test_invalid_lr_bad_format" time="0.000" /><testcase classname="tests.test_bsrn.TestLogicalRecordValidator" name="test_invalid_lr_too_short" time="0.001" /><testcase classname="tests.test_bsrn.TestDataLogicalRecordValidator" name="test_valid_lr0100" time="0.001" /><testcase classname="tests.test_bsrn.TestDataLogicalRecordValidator" name="test_valid_lr0300" time="0.000" /><testcase classname="tests.test_bsrn.TestDataLogicalRecordValidator" name="test_valid_lr0500" time="0.000" /><testcase classname="tests.test_bsrn.TestDataLogicalRecordValidator" name="test_invalid_lr0200" time="0.000" /><testcase classname="tests.test_bsrn.TestDataLogicalRecordValidator" name="test_invalid_lr0400" time="0.001" /><testcase classname="tests.test_bsrn.TestDecodeTwoDigitYear" name="test_current_century_small_year" time="0.001" /><testcase classname="tests.test_bsrn.TestDecodeTwoDigitYear" name="test_current_century_pivot" time="0.000" /><testcase classname="tests.test_bsrn.TestDecodeTwoDigitYear" name="test_previous_century_large_year" time="0.000" /><testcase classname="tests.test_bsrn.TestDecodeTwoDigitYear" name="test_year_zero" time="0.001" /><testcase classname="tests.test_bsrn.TestAvailabilityToYearTable" name="test_returns_string" time="0.001" /><testcase classname="tests.test_bsrn.TestAvailabilityToYearTable" name="test_empty_dict_returns_message" time="0.000" /><testcase classname="tests.test_bsrn.TestAvailabilityToYearTable" name="test_contains_site_names" time="0.000" /><testcase classname="tests.test_bsrn.TestAvailabilityToYearTable" name="test_invalid_fill_char_raises" time="0.000" /><testcase classname="tests.test_bsrn.TestAvailabilityToYearTable" name="test_custom_fill_char" time="0.001" /><testcase classname="tests.test_bsrn.TestGetDatabasePath" name="test_returns_path" time="0.001" /><testcase classname="tests.test_bsrn.TestGetDatabasePath" name="test_path_ends_with_bsrn" time="0.001" /><testcase classname="tests.test_bsrn.TestDataAvailabilityWithCache" name="test_reads_from_existing_cache" time="0.002" /><testcase classname="tests.test_bsrn.TestDataAvailabilityWithCache" name="test_returns_year_table_when_requested" time="0.001" /><testcase classname="tests.test_bsrn.TestSampleData" name="test_load_carpentras_returns_solar_dataframe" time="0.028" /><testcase classname="tests.test_bsrn.TestSampleData" name="test_carpentras_has_location" time="0.001" /><testcase classname="tests.test_bsrn.TestSampleData" name="test_carpentras_has_radiation_columns" time="0.001" /><testcase classname="tests.test_bsrn.TestSampleData" name="test_carpentras_has_datetime_index" time="0.000" /><testcase classname="tests.test_bsrn.TestSampleData" name="test_carpentras_has_1min_frequency" time="0.001" /><testcase classname="tests.test_bsrn.TestSampleData" name="test_carpentras_latitude_approx" time="0.000" /><testcase classname="tests.test_bsrn.TestSampleData" name="test_carpentras_has_custom_metadata" time="0.000" /><testcase classname="tests.test_bsrn.TestBSRNNetworkAccess" name="test_data_availability_returns_dict" time="33.673" /><testcase classname="tests.test_bsrn.TestBSRNNetworkAccess" name="test_load_metadata_returns_dict" time="0.419" /><testcase classname="tests.test_bsrn.TestBSRNNetworkAccess" name="test_load_data_returns_solar_dataframe" time="0.043" /><testcase classname="tests.test_clearsky.TestClearskyPropertiesViaLTA" name="test_ghi_is_solar_series" time="0.989" /><testcase classname="tests.test_clearsky.TestClearskyPropertiesViaLTA" name="test_ghi_same_index" time="0.582" /><testcase classname="tests.test_clearsky.TestClearskyPropertiesViaLTA" name="test_ghi_nonneg" time="0.610" /><testcase classname="tests.test_clearsky.TestClearskyPropertiesViaLTA" name="test_dni_nonneg" time="0.574" /><testcase classname="tests.test_clearsky.TestClearskyPropertiesViaLTA" name="test_dif_nonneg" time="0.581" /><testcase classname="tests.test_clearsky.TestClearskyPropertiesViaLTA" name="test_ghi_bounded_above" time="0.573" /><testcase classname="tests.test_clearsky.TestClearskyPropertiesViaLTA" name="test_dni_bounded_above" time="0.593" /><testcase classname="tests.test_clearsky.TestClearskyPropertiesViaLTA" name="test_csi_is_solar_series" time="0.579" /><testcase classname="tests.test_clearsky.TestClearskyPropertiesViaLTA" name="test_metadata_preserved" time="0.601" /><testcase classname="tests.test_clearsky.TestClearskyPropertiesViaLTA" name="test_lta_on_dataframe" time="0.577" /><testcase classname="tests.test_clearsky.TestClearskyAccessorWithPatchedConfig" name="test_clearsky_ghi_nonneg" time="0.578" /><testcase classname="tests.test_clearsky.TestClearskyAccessorWithPatchedConfig" name="test_clearsky_returns_solar_series" time="0.578" /><testcase classname="tests.test_clearsky.TestClearskyAccessorWithPatchedConfig" name="test_clearsky_invalid_object_raises" time="0.001" /><testcase classname="tests.test_clearsky.TestCDAAccessor" name="test_cda_ghi_nonneg" time="0.595" /><testcase classname="tests.test_clearsky.TestCDAAccessor" name="test_cda_dni_nonneg" time="0.576" /><testcase classname="tests.test_clearsky.TestClearskyCache" name="test_clear_cache" time="0.001" /><testcase classname="tests.test_clearsky.TestClearskyCache" name="test_cache_info_keys" time="0.001" /><testcase classname="tests.test_clearsky.TestClearskyCache" name="test_cache_hit_on_second_access" time="0.574" /><testcase classname="tests.test_qcontrol.TestQualityControlAccessorBasics" name="test_requires_solar_dataframe" time="0.001" /><testcase classname="tests.test_qcontrol.TestQualityControlAccessorBasics" name="test_tests_property_is_dataframe" time="0.652" /><testcase classname="tests.test_qcontrol.TestQualityControlAccessorBasics" name="test_all_expected_tests_present" time="0.002" /><testcase classname="tests.test_qcontrol.TestQualityControlAccessorBasics" name="test_tests_same_length_as_data" time="0.002" /><testcase classname="tests.test_qcontrol.TestQualityControlAccessorBasics" name="test_getitem_returns_series" time="0.002" /><testcase classname="tests.test_qcontrol.TestQualityControlAccessorBasics" name="test_getattr_returns_series" time="0.002" /><testcase classname="tests.test_qcontrol.TestQualityControlAccessorBasics" name="test_getitem_unknown_test_raises" time="0.002" /><testcase classname="tests.test_qcontrol.TestQualityControlAccessorBasics" name="test_getattr_unknown_test_raises" time="0.002" /><testcase classname="tests.test_qcontrol.TestQCValues" name="test_test_values_are_valid_flags" time="0.041" /><testcase classname="tests.test_qcontrol.TestQCValues" name="test_ghi_ppl_qcflag_dtype" time="0.002" /><testcase classname="tests.test_qcontrol.TestQCFilter" name="test_filter_by_ghi_component" time="0.004" /><testcase classname="tests.test_qcontrol.TestQCFilter" name="test_filter_by_dni_component" time="0.003" /><testcase classname="tests.test_qcontrol.TestQCFilter" name="test_filter_by_dif_component" time="0.003" /><testcase classname="tests.test_qcontrol.TestQCFilter" name="test_filter_by_like" time="0.003" /><testcase classname="tests.test_qcontrol.TestQCFilter" name="test_filter_by_regex" time="0.003" /><testcase classname="tests.test_qcontrol.TestQCFilter" name="test_filter_by_specific_tests" time="0.003" /><testcase classname="tests.test_qcontrol.TestQCFilter" name="test_filter_invalid_component_raises" time="0.002" /><testcase classname="tests.test_qcontrol.TestQCFailedPassed" name="test_failed_returns_bool_series" time="0.011" /><testcase classname="tests.test_qcontrol.TestQCFailedPassed" name="test_passed_returns_bool_series" time="0.014" /><testcase classname="tests.test_qcontrol.TestQCFailedPassed" name="test_failed_same_length_as_data" time="0.010" /><testcase classname="tests.test_qcontrol.TestQCFailedPassed" name="test_passed_and_failed_are_complementary" time="0.023" /><testcase classname="tests.test_qcontrol.TestQCFailedPassed" name="test_failed_by_component" time="0.009" /><testcase classname="tests.test_qcontrol.TestQCFailedPassed" name="test_passed_by_component" time="0.011" /><testcase classname="tests.test_qcontrol.TestQCMaskFailed" name="test_mask_failed_returns_dataframe" time="0.012" /><testcase classname="tests.test_qcontrol.TestQCMaskFailed" name="test_mask_failed_same_shape" time="0.012" /><testcase classname="tests.test_qcontrol.TestQCMaskFailed" name="test_mask_failed_by_component" time="0.019" /><testcase classname="tests.test_qcontrol.TestQCCache" name="test_clear_cache" time="0.001" /><testcase classname="tests.test_qcontrol.TestQCCache" name="test_cache_info_keys" time="0.000" /><testcase classname="tests.test_qcontrol.TestQCCache" name="test_cache_hit_on_repeated_access" time="0.070" /><testcase classname="tests.test_solpos.TestSolarPositionProperties" name="test_sza_is_solar_series" time="0.013" /><testcase classname="tests.test_solpos.TestSolarPositionProperties" name="test_sza_has_same_index" time="0.002" /><testcase classname="tests.test_solpos.TestSolarPositionProperties" name="test_zenith_equals_sza" time="0.003" /><testcase classname="tests.test_solpos.TestSolarPositionProperties" name="test_elevation_is_90_minus_zenith" time="0.003" /><testcase classname="tests.test_solpos.TestSolarPositionProperties" name="test_sza_daytime_range" time="0.002" /><testcase classname="tests.test_solpos.TestSolarPositionProperties" name="test_azimuth_range" time="0.002" /><testcase classname="tests.test_solpos.TestSolarPositionProperties" name="test_cosz_range" time="0.002" /><testcase classname="tests.test_solpos.TestSolarPositionProperties" name="test_eth_nonneg" time="0.004" /><testcase classname="tests.test_solpos.TestSolarPositionProperties" name="test_etn_approx_isc_times_ecf" time="0.002" /><testcase classname="tests.test_solpos.TestSolarPositionProperties" name="test_ecf_near_unity" time="0.001" /><testcase classname="tests.test_solpos.TestSolarPositionProperties" name="test_true_solar_time_is_datetime" time="0.005" /><testcase classname="tests.test_solpos.TestSolarPositionProperties" name="test_tst_alias" time="0.009" /><testcase classname="tests.test_solpos.TestSolarPositionProperties" name="test_local_solar_time" time="0.001" /><testcase classname="tests.test_solpos.TestSolarPositionProperties" name="test_tsd_is_tst_floored_to_day" time="0.010" /><testcase classname="tests.test_solpos.TestSolarPositionProperties" name="test_solpos_on_dataframe" time="0.002" /><testcase classname="tests.test_solpos.TestSolarPositionProperties" name="test_solpos_metadata_propagation" time="0.002" /><testcase classname="tests.test_solpos.TestSolarPositionProperties" name="test_invalid_object_raises" time="0.001" /><testcase classname="tests.test_solpos.TestSolarPositionCompute" name="test_compute_returns_sunpos" time="0.012" /><testcase classname="tests.test_solpos.TestSolarPositionCompute" name="test_compute_psa_algorithm" time="0.011" /><testcase classname="tests.test_solpos.TestSolarPositionCompute" name="test_compute_no_refraction" time="0.011" /><testcase classname="tests.test_solpos.TestSolarPositionSunriseSunset" name="test_sunrise_utc" time="0.019" /><testcase classname="tests.test_solpos.TestSolarPositionSunriseSunset" name="test_sunset_utc" time="0.023" /><testcase classname="tests.test_solpos.TestSolarPositionSunriseSunset" name="test_sunrise_before_sunset" time="0.039" /><testcase classname="tests.test_solpos.TestSolarPositionCache" name="test_clear_cache" time="0.001" /><testcase classname="tests.test_solpos.TestSolarPositionCache" name="test_cache_info_keys" time="0.000" /><testcase classname="tests.test_solpos.TestSolarPositionCache" name="test_cache_hit_on_second_access" time="0.014" /></testsuite></testsuites>